Looking to launch executable "/home/parlar_ai/.pixi/envs/bwa-mem2/bin/bwa-mem2.avx512bw", simd = .avx512bw
Launching executable "/home/parlar_ai/.pixi/envs/bwa-mem2/bin/bwa-mem2.avx512bw"
-----------------------------
Executing in AVX512 mode!!
-----------------------------
* SA compression enabled with xfactor: 8
* Ref file: /home/parlar_ai/dev/spike/data/giab_hg38/reference/GCA_000001405.15_GRCh38_no_alt_analysis_set.fasta
* Entering FMI_search
* Index file found. Loading index from /home/parlar_ai/dev/spike/data/giab_hg38/reference/GCA_000001405.15_GRCh38_no_alt_analysis_set.fasta.bwt.2bit.64
* Reference seq len for bi-index = 6199845083
* sentinel-index: 2637243555
* Count:
0,	1
1,	1817861264
2,	3099922542
3,	4381983820
4,	6199845083

* Reading other elements of the index from files /home/parlar_ai/dev/spike/data/giab_hg38/reference/GCA_000001405.15_GRCh38_no_alt_analysis_set.fasta
* Index prefix: /home/parlar_ai/dev/spike/data/giab_hg38/reference/GCA_000001405.15_GRCh38_no_alt_analysis_set.fasta
* Read 0 ALT contigs
* Done reading Index!!
* Reading reference genome..
* Binary seq file = /home/parlar_ai/dev/spike/data/giab_hg38/reference/GCA_000001405.15_GRCh38_no_alt_analysis_set.fasta.0123
* Reference genome size: 6199845082 bp
* Done reading reference genome !!

------------------------------------------
1. Memory pre-allocation for Chaining: 4458.8284 MB
2. Memory pre-allocation for BSW: 7667.7448 MB
3. Memory pre-allocation for BWT: 2474.0536 MB
------------------------------------------
* Threads used (compute): 32
* No. of pipeline threads: 2

[0000] read_chunk: 320000000, work_chunk_size: 18929964, nseq: 125364
	[0000][ M::kt_pipeline] read 125364 sequences (18929964 bp)...
[0000] Calling mem_process_seqs.., task: 0
[0000] 1. Calling kt_for - worker_bwt
[0000] read_chunk: 320000000, work_chunk_size: 0, nseq: 0
[0000] 2. Calling kt_for - worker_aln
[0000] Inferring insert size distribution of PE reads from data, l_pac: 3099922541, n: 125364
[0000][PE] # candidate unique pairs for (FF, FR, RF, RR): (0, 60066, 0, 0)
[0000][PE] skip orientation FF as there are not enough pairs
[0000][PE] analyzing insert size distribution for orientation FR...
[0000][PE] (25, 50, 75) percentile: (282, 379, 520)
[0000][PE] low and high boundaries for computing mean and std.dev: (1, 996)
[0000][PE] mean and std.dev: (414.38, 171.57)
[0000][PE] low and high boundaries for proper pairs: (1, 1234)
[0000][PE] skip orientation RF as there are not enough pairs
[0000][PE] skip orientation RR as there are not enough pairs
[0000] 3. Calling kt_for - worker_sam
	[0000][ M::mem_process_seqs] Processed 125364 reads in 17.562 CPU sec, 0.639 real sec
[0000] read_chunk: 320000000, work_chunk_size: 0, nseq: 0
[0000] Computation ends..
No. of OMP threads: 32
Processor is running @3100.331694 MHz
Runtime profile:

	Time taken for main_mem function: 14.67 sec

	IO times (sec) :
	Reading IO time (reads) avg: 0.11, (0.11, 0.11)
	Writing IO time (SAM) avg: 0.68, (0.68, 0.68)
	Reading IO time (Reference Genome) avg: 5.21, (5.21, 5.21)
	Index read time avg: 6.94, (6.94, 6.94)

	Overall time (sec) (Excluding Index reading time):
	PROCESS() (Total compute time + (read + SAM) IO time) : 1.47
	MEM_PROCESS_SEQ() (Total compute time (Kernel + SAM)), avg: 0.64, (0.64, 0.64)

	 SAM Processing time (sec):
	--WORKER_SAM avg: 0.10, (0.10, 0.10)

	Kernels' compute time (sec):
	Total kernel (smem+sal+bsw) time avg: 0.52, (0.52, 0.52)
		SMEM compute avg: 0.31, (0.33, 0.28)
		SAL compute avg: 0.08, (0.08, 0.07)
				MEM_SA avg: 0.05, (0.06, 0.05)

		BSW time, avg: 0.09, (0.11, 0.08)

Important parameter settings: 
	BATCH_SIZE: 512
	MAX_SEQ_LEN_REF: 256
	MAX_SEQ_LEN_QER: 128
	MAX_SEQ_LEN8: 128
	SEEDS_PER_READ: 500
	SIMD_WIDTH8 X: 64
	SIMD_WIDTH16 X: 32
	AVG_SEEDS_PER_READ: 64
