	Command being timed: "bash go-fix.sh"
	User time (seconds): 657.99
	System time (seconds): 148.28
	Percent of CPU this job got: 331%
	Elapsed (wall clock) time (h:mm:ss or m:ss): 4:03.03
	Average shared text size (kbytes): 0
	Average unshared data size (kbytes): 0
	Average stack size (kbytes): 0
	Average total size (kbytes): 0
	Maximum resident set size (kbytes): 17971776
	Average resident set size (kbytes): 0
	Major (requiring I/O) page faults: 1006
	Minor (reclaiming a frame) page faults: 26023978
	Voluntary context switches: 1178783
	Involuntary context switches: 13238
	Swaps: 0
	File system inputs: 138294136
	File system outputs: 950088
	Socket messages sent: 0
	Socket messages received: 0
	Signals delivered: 0
	Page size (bytes): 4096
	Exit status: 0
