del:chr20:7119236-7120236 spike-dp t1 run1 exit 0 0.65 198392
del:chr20:7119236-7120236 spike-doc t1 run1 exit 0 0.56 198972
del:chr20:7119236-7120236 spike-dp t1 run2 exit 0 0.51 198392
del:chr20:7119236-7120236 spike-doc t1 run2 exit 0 0.56 198972
del:chr20:7119236-7120236 spike-dp t1 run3 exit 0 0.51 198392
del:chr20:7119236-7120236 spike-doc t1 run3 exit 0 0.54 198396
del:chr20:7119236-7120236 spike-dp t4 run1 exit 0 0.51 198376
del:chr20:7119236-7120236 spike-doc t4 run1 exit 0 0.57 198376
del:chr20:7119236-7120236 spike-dp t8 run1 exit 0 0.51 198448
del:chr20:7119236-7120236 spike-doc t8 run1 exit 0 0.56 199032
del:chr20:7119236-7120236 spike-dp t8 run2 exit 0 0.50 198452
del:chr20:7119236-7120236 spike-doc t8 run2 exit 0 0.56 199028
del:chr20:7119236-7120236 spike-dp t8 run3 exit 0 0.50 198452
del:chr20:7119236-7120236 spike-doc t8 run3 exit 0 0.55 198452
del:chr20:7119236-7120236 spike-dp t16 run1 exit 0 0.51 198512
del:chr20:7119236-7120236 spike-doc t16 run1 exit 0 0.56 199092
del:chr20:14550000-17550000 spike-dp t1 run1 exit 0 19.11 1260456
del:chr20:14550000-17550000 spike-doc t1 run1 exit 0 23.85 1258584
del:chr20:14550000-17550000 spike-dp t1 run2 exit 0 19.19 1257436
del:chr20:14550000-17550000 spike-doc t1 run2 exit 0 23.95 1260892
del:chr20:14550000-17550000 spike-dp t1 run3 exit 0 19.33 1258584
del:chr20:14550000-17550000 spike-doc t1 run3 exit 0 24.34 1258588
del:chr20:14550000-17550000 spike-dp t4 run1 exit 0 10.08 1443628
del:chr20:14550000-17550000 spike-doc t4 run1 exit 0 12.53 1412844
del:chr20:14550000-17550000 spike-dp t8 run1 exit 0 7.67 1639572
del:chr20:14550000-17550000 spike-doc t8 run1 exit 0 10.83 1666904
del:chr20:14550000-17550000 spike-dp t8 run2 exit 0 7.84 1779352
del:chr20:14550000-17550000 spike-doc t8 run2 exit 0 10.74 1752220
del:chr20:14550000-17550000 spike-dp t8 run3 exit 0 7.85 1760216
del:chr20:14550000-17550000 spike-doc t8 run3 exit 0 10.42 1647240
del:chr20:14550000-17550000 spike-dp t16 run1 exit 0 7.36 1902444
del:chr20:14550000-17550000 spike-doc t16 run1 exit 0 9.86 1994124
dup:chr20:14550000-17550000 spike-dp t1 run1 exit 0 38.04 1527672
dup:chr20:14550000-17550000 spike-doc t1 run1 exit 0 43.04 1528312
dup:chr20:14550000-17550000 spike-dp t1 run2 exit 0 38.36 1527604
dup:chr20:14550000-17550000 spike-doc t1 run2 exit 0 44.03 1528468
dup:chr20:14550000-17550000 spike-dp t1 run3 exit 0 38.97 1529196
dup:chr20:14550000-17550000 spike-doc t1 run3 exit 0 45.86 1528024
dup:chr20:14550000-17550000 spike-dp t4 run1 exit 0 26.81 1892000
dup:chr20:14550000-17550000 spike-doc t4 run1 exit 0 29.79 1829564
dup:chr20:14550000-17550000 spike-dp t8 run1 exit 0 25.80 1967828
dup:chr20:14550000-17550000 spike-doc t8 run1 exit 0 27.26 2029448
dup:chr20:14550000-17550000 spike-dp t8 run2 exit 0 26.47 2002052
dup:chr20:14550000-17550000 spike-doc t8 run2 exit 0 28.08 2009340
dup:chr20:14550000-17550000 spike-dp t8 run3 exit 0 29.49 2074708
dup:chr20:14550000-17550000 spike-doc t8 run3 exit 0 29.11 2076312
dup:chr20:14550000-17550000 spike-dp t16 run1 exit 0 25.00 2291592
dup:chr20:14550000-17550000 spike-doc t16 run1 exit 0 26.48 2342560
done
