set newA_s22 pairs 118779 (train 120138)
set newAB_s22 pairs 118779 (train 120138)
set newA_s23 pairs 118779 (train 120138)
set newAB_s23 pairs 118779 (train 120138)
set      reads  bad-end clip          95% CI  z vs real  any clip  crashed      z  mm/100
real    237549         1.40%   1.36- 1.45%       0.00     2.13%    1.11%   0.00   0.394
newA    237307         1.25%   1.21- 1.30%      -4.43     1.38%    0.98%  -4.17   0.283
newAB   237333         1.31%   1.27- 1.36%      -2.62     1.44%    0.98%  -4.24   0.287
newA_s22  237362         1.22%   1.18- 1.26%      -5.56     1.34%    0.95%  -5.29   0.286
newAB_s22  237317         1.27%   1.23- 1.32%      -3.88     1.40%    0.95%  -5.42   0.289
newA_s23  237313         1.28%   1.24- 1.33%      -3.64     1.40%    0.97%  -4.65   0.288
newAB_s23  237323         1.29%   1.25- 1.34%      -3.27     1.42%    0.98%  -4.21   0.289
bad-end clip share by the template's longest-run bin (0 / 1 / 2 / 3), reads in brackets:
  real     0.99% (186077)    1.27% (20141)    2.35% (23636)    8.76% (7695)
  newA     0.80% (185923)    0.86% (20129)    2.16% (23608)   10.47% (7647)
  newAB    0.83% (185955)    1.02% (20125)    2.41% (23602)   10.52% (7651)
  newA_s22   0.78% (185979)    0.80% (20124)    1.97% (23614)   10.69% (7645)
  newAB_s22   0.81% (185950)    1.03% (20124)    2.17% (23602)   10.42% (7641)
  newA_s23   0.82% (185941)    0.93% (20124)    2.07% (23602)   10.87% (7646)
  newAB_s23   0.83% (185940)    0.94% (20119)    2.15% (23603)   10.70% (7661)
