set newA pairs 118779 (train 120138)
slips (rate, runs, deletion share) per base; 50780 runs masked
  A:  3-4 0.0000 (639945, del 0.48)  5-6 0.0001 (88085, del 0.17)  7-8 0.0007 (10326, del 0.29)  9-11 0.0032 (2835, del 0.22)  12-14 0.0097 (824, del 0.25)  15+ 0.0232 (604, del 0.43)
  C:  3-4 0.0000 (313479, del 0.69)  5-6 0.0003 (17076, del 0.60)  7-8 0.0062 (486, del 0.33)  9-11 0.0000 (1, del 0.00)  12-14 0.0000 (0, del 0.00)  15+ 0.0000 (0, del 0.00)
  G:  3-4 0.0001 (315327, del 0.83)  5-6 0.0003 (17565, del 0.40)  7-8 0.0000 (479, del 0.00)  9-11 0.0909 (11, del 1.00)  12-14 0.0000 (0, del 0.00)  15+ 0.0000 (0, del 0.00)
  T:  3-4 0.0000 (641465, del 0.47)  5-6 0.0001 (87380, del 0.57)  7-8 0.0004 (10691, del 0.50)  9-11 0.0020 (3057, del 0.50)  12-14 0.0155 (901, del 0.43)  15+ 0.0097 (723, del 0.29)
set newAB pairs 118779 (train 120138)
set      reads  bad-end clip          95% CI  z vs real  any clip  crashed      z  mm/100
real    237549         1.40%   1.36- 1.45%       0.00     2.13%    1.11%   0.00   0.394
v1      237410         1.13%   1.09- 1.18%      -8.31     1.22%    0.96%  -4.91   0.328
new     237310         1.26%   1.22- 1.31%      -4.24     1.39%    0.98%  -4.29   0.282
newA    237307         1.25%   1.21- 1.30%      -4.43     1.38%    0.98%  -4.17   0.283
newAB   237333         1.31%   1.27- 1.36%      -2.62     1.44%    0.98%  -4.24   0.287
bad-end clip share by the template's longest-run bin (0 / 1 / 2 / 3), reads in brackets:
  real     0.99% (186077)    1.27% (20141)    2.35% (23636)    8.76% (7695)
  v1       1.12% (185966)    1.10% (20129)    1.17% (23622)    1.29% (7693)
  new      0.71% (185938)    1.32% (20121)    2.02% (23612)   12.06% (7639)
  newA     0.80% (185923)    0.86% (20129)    2.16% (23608)   10.47% (7647)
  newAB    0.83% (185955)    1.02% (20125)    2.41% (23602)   10.52% (7651)
real  bin 0: indel  1.45% crashed  0.55% mm/100 0.346  bin 1: indel  3.38% crashed  0.82% mm/100 0.376  bin 2: indel  4.21% crashed  1.90% mm/100 0.478  bin 3: indel 27.97% crashed 12.84% mm/100 1.389
newA  bin 0: indel  0.01% crashed  0.51% mm/100 0.227  bin 1: indel  0.00% crashed  0.50% mm/100 0.267  bin 2: indel  0.03% crashed  1.71% mm/100 0.374  bin 3: indel  0.13% crashed 11.61% mm/100 1.427
newAB bin 0: indel  0.06% crashed  0.51% mm/100 0.231  bin 1: indel  0.05% crashed  0.57% mm/100 0.264  bin 2: indel  0.18% crashed  1.75% mm/100 0.377  bin 3: indel  1.54% crashed 11.27% mm/100 1.467
