BADQ own alu crash clipbases 21 clipLowQ 15 clipmeanQ 15.6 readGC 0.37
BADQ own alu ok clipbases 7 clipLowQ 0 clipmeanQ 40.0 readGC 0.48
BADQ own noalu crash clipbases 3 clipLowQ 2 clipmeanQ 14.0 readGC 0.42
BADQ own noalu ok clipbases 119 clipLowQ 12 clipmeanQ 30.7 readGC 0.46
BADQ own alu ok clipbases 3 clipLowQ 3 clipmeanQ 9.0 readGC 0.56
BADQ own alu ok clipbases 5 clipLowQ 2 clipmeanQ 24.4 readGC 0.49
BADQ spike alu crash clipbases 22 clipLowQ 12 clipmeanQ 15.8 readGC 0.55
BADQ own alu crash clipbases 44 clipLowQ 25 clipmeanQ 15.5 readGC 0.54
BADQ own alu crash clipbases 64 clipLowQ 42 clipmeanQ 15.4 readGC 0.47
BADQ own alu crash clipbases 101 clipLowQ 54 clipmeanQ 19.1 readGC 0.57
BADQ spike alu ok clipbases 3 clipLowQ 2 clipmeanQ 14.0 readGC 0.53
BADQ spike alu crash clipbases 5 clipLowQ 3 clipmeanQ 15.0 readGC 0.52
BADQ own alu ok clipbases 10 clipLowQ 5 clipmeanQ 22.9 readGC 0.51
BADQ own alu crash clipbases 15 clipLowQ 12 clipmeanQ 12.0 readGC 0.50
BADQ spike alu ok clipbases 5 clipLowQ 4 clipmeanQ 12.0 readGC 0.51
BADQ spike noalu crash clipbases 23 clipLowQ 18 clipmeanQ 12.3 readGC 0.48
BADQ own alu crash clipbases 71 clipLowQ 49 clipmeanQ 15.9 readGC 0.59
BADQ own alu ok clipbases 2 clipLowQ 0 clipmeanQ 40.0 readGC 0.50
BADQ own noalu crash clipbases 85 clipLowQ 48 clipmeanQ 15.9 readGC 0.66
BADQ own alu crash clipbases 66 clipLowQ 44 clipmeanQ 14.0 readGC 0.57
BADQ own alu crash clipbases 33 clipLowQ 22 clipmeanQ 14.5 readGC 0.51
BADQ own alu crash clipbases 55 clipLowQ 41 clipmeanQ 14.3 readGC 0.54
BADQ own alu ok clipbases 54 clipLowQ 33 clipmeanQ 15.1 readGC 0.51
BADQ own alu crash clipbases 72 clipLowQ 42 clipmeanQ 15.9 readGC 0.57
BADQ own noalu ok clipbases 15 clipLowQ 6 clipmeanQ 23.3 readGC 0.45
BADQ spike noalu crash clipbases 78 clipLowQ 33 clipmeanQ 20.3 readGC 0.54
BADQ spike noalu ok clipbases 3 clipLowQ 2 clipmeanQ 14.7 readGC 0.50
BADQ spike alu crash clipbases 21 clipLowQ 15 clipmeanQ 13.3 readGC 0.38
BADQ own alu ok clipbases 8 clipLowQ 1 clipmeanQ 32.1 readGC 0.53
BADQ own alu ok clipbases 2 clipLowQ 0 clipmeanQ 40.0 readGC 0.56
BADQ own alu ok clipbases 2 clipLowQ 0 clipmeanQ 32.0 readGC 0.58
BADQ spike alu ok clipbases 18 clipLowQ 6 clipmeanQ 20.8 readGC 0.56
BADQ own noalu ok clipbases 76 clipLowQ 41 clipmeanQ 16.3 readGC 0.57
BADQ own noalu ok clipbases 17 clipLowQ 3 clipmeanQ 31.7 readGC 0.48
BADQ own alu ok clipbases 20 clipLowQ 9 clipmeanQ 22.9 readGC 0.63
BADQ own alu ok clipbases 4 clipLowQ 0 clipmeanQ 40.0 readGC 0.58
BADQ own alu crash clipbases 7 clipLowQ 5 clipmeanQ 13.3 readGC 0.57
BADQ own alu ok clipbases 34 clipLowQ 13 clipmeanQ 20.6 readGC 0.53
BADQ own alu crash clipbases 26 clipLowQ 14 clipmeanQ 15.9 readGC 0.52
BADQ own alu ok clipbases 20 clipLowQ 7 clipmeanQ 21.1 readGC 0.55
BADQ own alu ok clipbases 3 clipLowQ 3 clipmeanQ 9.0 readGC 0.33
BADQ own noalu ok clipbases 2 clipLowQ 0 clipmeanQ 40.0 readGC 0.55
BADQ own alu ok clipbases 13 clipLowQ 6 clipmeanQ 22.0 readGC 0.43
BADQ own alu ok clipbases 21 clipLowQ 6 clipmeanQ 28.9 readGC 0.54
BADQ own alu ok clipbases 40 clipLowQ 3 clipmeanQ 36.9 readGC 0.52
BADQ spike noalu ok clipbases 5 clipLowQ 3 clipmeanQ 18.2 readGC 0.39
BADQ spike alu ok clipbases 10 clipLowQ 3 clipmeanQ 25.9 readGC 0.49
BADQ own noalu ok clipbases 9 clipLowQ 5 clipmeanQ 15.7 readGC 0.46
BADQ own noalu ok clipbases 16 clipLowQ 11 clipmeanQ 16.7 readGC 0.43
BADQ spike noalu ok clipbases 35 clipLowQ 15 clipmeanQ 19.4 readGC 0.38
BADQ spike alu crash clipbases 11 clipLowQ 5 clipmeanQ 21.5 readGC 0.64
BADQ own noalu ok clipbases 40 clipLowQ 29 clipmeanQ 13.9 readGC 0.47
BADQ own noalu ok clipbases 4 clipLowQ 2 clipmeanQ 24.5 readGC 0.45
BADQ own alu ok clipbases 2 clipLowQ 2 clipmeanQ 9.0 readGC 0.48
BADQ own alu crash clipbases 59 clipLowQ 39 clipmeanQ 14.6 readGC 0.55
BADQ own alu ok clipbases 8 clipLowQ 5 clipmeanQ 14.6 readGC 0.58
BADQ spike alu ok clipbases 5 clipLowQ 2 clipmeanQ 18.0 readGC 0.52
BADQ own alu ok clipbases 40 clipLowQ 21 clipmeanQ 16.1 readGC 0.50
BADQ own alu crash clipbases 59 clipLowQ 41 clipmeanQ 13.6 readGC 0.52
BADQ own alu ok clipbases 66 clipLowQ 38 clipmeanQ 15.4 readGC 0.56
