stratum              set    reads          bad   bad_noq100       5p_1-4      5p_5-20       5p_21+       3p_1-4      3p_5-20       3p_21+   z(bad)  z(bad_noq100)
all                  repl    16642    1.30%(216)    1.17%(194)    0.17%( 29)    0.16%( 27)    0.01%(  2)    0.13%( 22)    0.25%( 41)    0.58%( 96)   -3.35   -3.68
all                  kept      162    4.32%(  7)    4.32%(  7)    0.00%(  0)    0.00%(  0)    0.00%(  0)    0.00%(  0)    1.23%(  2)    3.09%(  5)
bin0                 repl    11797    0.70%( 82)    0.65%( 77)    0.14%( 17)    0.18%( 21)    0.02%(  2)    0.05%(  6)    0.06%(  7)    0.25%( 29)   -4.93   -5.13
bin0                 kept      103    4.85%(  5)    4.85%(  5)    0.00%(  0)    0.00%(  0)    0.00%(  0)    0.00%(  0)    0.97%(  1)    3.88%(  4)
bin0_K2bset          repl     7273    0.60%( 44)    0.55%( 40)    0.14%( 10)    0.11%(  8)    0.03%(  2)    0.05%(  4)    0.04%(  3)    0.23%( 17)   -4.62   -4.85
bin0_K2bset          kept        7   14.29%(  1)   14.29%(  1)    0.00%(  0)    0.00%(  0)    0.00%(  0)    0.00%(  0)   14.29%(  1)    0.00%(  0)
bin0_notK2bset       repl     4524    0.84%( 38)    0.82%( 37)    0.15%(  7)    0.29%( 13)    0.00%(  0)    0.04%(  2)    0.09%(  4)    0.27%( 12)   -3.40   -3.46
bin0_notK2bset       kept       96    4.17%(  4)    4.17%(  4)    0.00%(  0)    0.00%(  0)    0.00%(  0)    0.00%(  0)    0.00%(  0)    4.17%(  4)
bin1                 repl     1737    0.69%( 12)    0.69%( 12)    0.00%(  0)    0.06%(  1)    0.00%(  0)    0.29%(  5)    0.12%(  2)    0.29%(  5)   +0.38   +0.38
bin1                 kept       21    0.00%(  0)    0.00%(  0)    0.00%(  0)    0.00%(  0)    0.00%(  0)    0.00%(  0)    0.00%(  0)    0.00%(  0)
bin2                 repl     1780    1.18%( 21)    1.01%( 18)    0.11%(  2)    0.11%(  2)    0.00%(  0)    0.06%(  1)    0.17%(  3)    0.73%( 13)   +0.48   +0.44
bin2                 kept       19    0.00%(  0)    0.00%(  0)    0.00%(  0)    0.00%(  0)    0.00%(  0)    0.00%(  0)    0.00%(  0)    0.00%(  0)
bin3                 repl     1328    7.61%(101)    6.55%( 87)    0.75%( 10)    0.23%(  3)    0.00%(  0)    0.75%( 10)    2.18%( 29)    3.69%( 49)   -0.48   -0.69
bin3                 kept       19   10.53%(  2)   10.53%(  2)    0.00%(  0)    0.00%(  0)    0.00%(  0)    0.00%(  0)    5.26%(  1)    5.26%(  1)
len151               repl    10357    1.30%(135)    1.21%(125)    0.14%( 15)    0.12%( 12)    0.02%(  2)    0.14%( 15)    0.26%( 27)    0.63%( 65)   -1.60   -1.74
len151               kept       94    3.19%(  3)    3.19%(  3)    0.00%(  0)    0.00%(  0)    0.00%(  0)    0.00%(  0)    2.13%(  2)    1.06%(  1)
lenshort             repl     6285    1.29%( 81)    1.10%( 69)    0.22%( 14)    0.24%( 15)    0.00%(  0)    0.11%(  7)    0.22%( 14)    0.49%( 31)   -3.28   -3.68
lenshort             kept       68    5.88%(  4)    5.88%(  4)    0.00%(  0)    0.00%(  0)    0.00%(  0)    0.00%(  0)    0.00%(  0)    5.88%(  4)
tlen<151             repl      526    1.71%(  9)    1.71%(  9)    0.19%(  1)    0.57%(  3)    0.00%(  0)    0.38%(  2)    0.38%(  2)    0.38%(  2)   -1.23   -1.23
tlen<151             kept      150    3.33%(  5)    3.33%(  5)    0.00%(  0)    0.00%(  0)    0.00%(  0)    0.00%(  0)    0.67%(  1)    2.67%(  4)
tlen>=151            repl    16116    1.28%(207)    1.15%(185)    0.17%( 28)    0.15%( 24)    0.01%(  2)    0.12%( 20)    0.24%( 39)    0.58%( 94)   -4.71   -5.02
tlen>=151            kept       12   16.67%(  2)   16.67%(  2)    0.00%(  0)    0.00%(  0)    0.00%(  0)    0.00%(  0)    8.33%(  1)    8.33%(  1)
