stratum              set    reads          bad   bad_noq100 0)
all_L150             spike    1871    0.80%( 15)    0.69%( 1.41
all_L150             own      2282    1.67%( 38)    1.49%( 3
all_L151             spike    4765    1.01%( 48)    0.99%( 4.97
all_L151             own      5572    1.29%( 72)    1.18%( 6
all_L<150            spike     943    0.85%(  8)    0.74%(  .52
all_L<150            own      1045    1.24%( 13)    0.96%( 1
bin0_L150            spike    1344    0.37%(  5)    0.37%(  .96
bin0_L150            own      1604    1.50%( 24)    1.43%( 2
bin0_L150_npp        spike      13    0.00%(  0)    0.00%(  .07
bin0_L150_npp        own        36    8.33%(  3)    8.33%(  
bin0_L150_pp         spike    1331    0.38%(  5)    0.38%(  .61
bin0_L150_pp         own      1568    1.34%( 21)    1.28%( 2
bin0_L151            spike    3377    0.24%(  8)    0.24%(  .26
bin0_L151            own      3942    0.43%( 17)    0.41%( 1
bin0_L151_npp        spike      10    0.00%(  0)    0.00%(  .45
bin0_L151_npp        own        50    2.00%(  1)    2.00%(  
bin0_L151_pp         spike    3367    0.24%(  8)    0.24%(  .12
bin0_L151_pp         own      3892    0.41%( 16)    0.39%( 1
bin0_L<150           spike     709    0.14%(  1)    0.14%(  .54
bin0_L<150           own       767    0.65%(  5)    0.65%(  
bin0_L<150_npp       spike     199    0.00%(  0)    0.00%(  .40
bin0_L<150_npp       own       204    0.98%(  2)    0.98%(  
bin0_L<150_pp        spike     510    0.20%(  1)    0.20%(  .90
bin0_L<150_pp        own       563    0.53%(  3)    0.53%(  
bin1_L150            spike     527    1.90%( 10)    1.52%(  .14
bin1_L150            own       678    2.06%( 14)    1.62%( 1
bin1_L150_npp        spike       6    0.00%(  0)    0.00%(  .61
bin1_L150_npp        own        17    5.88%(  1)    5.88%(  
bin1_L150_pp         spike     521    1.92%( 10)    1.54%(  .03
bin1_L150_pp         own       661    1.97%( 13)    1.51%( 1
bin1_L151            spike    1388    2.88%( 40)    2.81%( 3.42
bin1_L151            own      1630    3.37%( 55)    3.07%( 5
bin1_L151_npp        spike      10    0.00%(  0)    0.00%(  .89
bin1_L151_npp        own        40    7.50%(  3)    7.50%(  
bin1_L151_pp         spike    1378    2.90%( 40)    2.83%( 3.20
bin1_L151_pp         own      1590    3.27%( 52)    2.96%( 4
bin1_L<150           spike     234    2.99%(  7)    2.56%(  .60
bin1_L<150           own       278    2.88%(  8)    1.80%(  
bin1_L<150_npp       spike      32    3.12%(  1)    3.12%(  .43
bin1_L<150_npp       own        65    0.00%(  0)    0.00%(  
bin1_L<150_pp        spike     202    2.97%(  6)    2.48%(  .08
bin1_L<150_pp        own       213    3.76%(  8)    2.35%(  
