stratum              set    reads          bad   bad_noq100       5p_1-4      5p_5-20       5p_21+       3p_1-4      3p_5-20       3p_21+   z(bad)  z(bad_noq100)
all                  spike    7579    0.94%( 71)    0.88%( 67)    0.08%(  6)    0.01%(  1)    0.01%(  1)    0.03%(  2)    0.42%( 32)    0.40%( 30)   -2.64   -2.19
all                  own      8899    1.38%(123)    1.24%(110)    0.19%( 17)    0.12%( 11)    0.02%(  2)    0.13%( 12)    0.35%( 31)    0.57%( 51)
bin0                 spike    5430    0.26%( 14)    0.26%( 14)    0.04%(  2)    0.02%(  1)    0.02%(  1)    0.00%(  0)    0.13%(  7)    0.07%(  4)   -3.57   -3.38
bin0                 own      6313    0.73%( 46)    0.70%( 44)    0.13%(  8)    0.13%(  8)    0.03%(  2)    0.03%(  2)    0.10%(  6)    0.32%( 20)
bin0_K2bset          spike    3367    0.24%(  8)    0.24%(  8)    0.03%(  1)    0.03%(  1)    0.03%(  1)    0.00%(  0)    0.09%(  3)    0.09%(  3)   -1.28   -1.12
bin0_K2bset          own      3892    0.41%( 16)    0.39%( 15)    0.08%(  3)    0.05%(  2)    0.05%(  2)    0.03%(  1)    0.05%(  2)    0.15%(  6)
bin0_notK2bset       spike    2063    0.29%(  6)    0.29%(  6)    0.05%(  1)    0.00%(  0)    0.00%(  0)    0.00%(  0)    0.19%(  4)    0.05%(  1)   -3.55   -3.44
bin0_notK2bset       own      2421    1.24%( 30)    1.20%( 29)    0.21%(  5)    0.25%(  6)    0.00%(  0)    0.04%(  1)    0.17%(  4)    0.58%( 14)
bin1                 spike     749    0.13%(  1)    0.13%(  1)    0.00%(  0)    0.00%(  0)    0.00%(  0)    0.00%(  0)    0.13%(  1)    0.00%(  0)   -2.23   -2.23
bin1                 own       915    0.98%(  9)    0.98%(  9)    0.00%(  0)    0.11%(  1)    0.00%(  0)    0.44%(  4)    0.22%(  2)    0.33%(  3)
bin1_K2bset          spike     473    0.21%(  1)    0.21%(  1)    0.00%(  0)    0.00%(  0)    0.00%(  0)    0.00%(  0)    0.21%(  1)    0.00%(  0)   -1.70   -1.70
bin1_K2bset          own       550    1.09%(  6)    1.09%(  6)    0.00%(  0)    0.00%(  0)    0.00%(  0)    0.36%(  2)    0.36%(  2)    0.36%(  2)
bin1_notK2bset       spike     276    0.00%(  0)    0.00%(  0)    0.00%(  0)    0.00%(  0)    0.00%(  0)    0.00%(  0)    0.00%(  0)    0.00%(  0)   -1.51   -1.51
bin1_notK2bset       own       365    0.82%(  3)    0.82%(  3)    0.00%(  0)    0.27%(  1)    0.00%(  0)    0.55%(  2)    0.00%(  0)    0.27%(  1)
bin2                 spike     797    0.50%(  4)    0.50%(  4)    0.13%(  1)    0.00%(  0)    0.00%(  0)    0.00%(  0)    0.25%(  2)    0.13%(  1)   -1.08   -0.62
bin2                 own       948    0.95%(  9)    0.74%(  7)    0.11%(  1)    0.11%(  1)    0.00%(  0)    0.11%(  1)    0.32%(  3)    0.32%(  3)
bin2_K2bset          spike     531    0.56%(  3)    0.56%(  3)    0.19%(  1)    0.00%(  0)    0.00%(  0)    0.00%(  0)    0.19%(  1)    0.19%(  1)   -1.12   -1.12
bin2_K2bset          own       583    1.20%(  7)    1.20%(  7)    0.00%(  0)    0.17%(  1)    0.00%(  0)    0.17%(  1)    0.51%(  3)    0.34%(  2)
bin2_notK2bset       spike     266    0.38%(  1)    0.38%(  1)    0.00%(  0)    0.00%(  0)    0.00%(  0)    0.00%(  0)    0.38%(  1)    0.00%(  0)   -0.31   +1.17
bin2_notK2bset       own       365    0.55%(  2)    0.00%(  0)    0.27%(  1)    0.00%(  0)    0.00%(  0)    0.00%(  0)    0.00%(  0)    0.27%(  1)
bin3                 spike     603    8.62%( 52)    7.96%( 48)    0.50%(  3)    0.00%(  0)    0.00%(  0)    0.33%(  2)    3.65%( 22)    4.15%( 25)   +0.30   +0.72
bin3                 own       723    8.16%( 59)    6.92%( 50)    1.11%(  8)    0.14%(  1)    0.00%(  0)    0.69%(  5)    2.77%( 20)    3.46%( 25)
bin3_K2bset          spike     374    9.63%( 36)    9.36%( 35)    0.53%(  2)    0.00%(  0)    0.00%(  0)    0.53%(  2)    4.55%( 17)    4.01%( 15)   +0.55   +1.00
bin3_K2bset          own       457    8.53%( 39)    7.44%( 34)    0.88%(  4)    0.00%(  0)    0.00%(  0)    1.09%(  5)    2.63%( 12)    3.94%( 18)
bin3_notK2bset       spike     229    6.99%( 16)    5.68%( 13)    0.44%(  1)    0.00%(  0)    0.00%(  0)    0.00%(  0)    2.18%(  5)    4.37%( 10)   -0.23   -0.16
bin3_notK2bset       own       266    7.52%( 20)    6.02%( 16)    1.50%(  4)    0.38%(  1)    0.00%(  0)    0.00%(  0)    3.01%(  8)    2.63%(  7)
len151               spike    4765    1.01%( 48)    0.99%( 47)    0.08%(  4)    0.02%(  1)    0.02%(  1)    0.04%(  2)    0.46%( 22)    0.40%( 19)   -1.35   -0.97
len151               own      5572    1.29%( 72)    1.18%( 66)    0.13%(  7)    0.07%(  4)    0.04%(  2)    0.18%( 10)    0.36%( 20)    0.54%( 30)
lenshort             spike    2814    0.82%( 23)    0.71%( 20)    0.07%(  2)    0.00%(  0)    0.00%(  0)    0.00%(  0)    0.36%( 10)    0.39%( 11)   -2.56   -2.35
lenshort             own      3327    1.53%( 51)    1.32%( 44)    0.30%( 10)    0.21%(  7)    0.00%(  0)    0.06%(  2)    0.33%( 11)    0.63%( 21)
tlen<151             spike     270    0.37%(  1)    0.37%(  1)    0.00%(  0)    0.00%(  0)    0.00%(  0)    0.00%(  0)    0.00%(  0)    0.37%(  1)   -2.09   -2.09
tlen<151             own       412    2.43%( 10)    2.43%( 10)    0.24%(  1)    0.24%(  1)    0.00%(  0)    0.49%(  2)    0.24%(  1)    1.46%(  6)
tlen>=151            spike    7309    0.96%( 70)    0.90%( 66)    0.08%(  6)    0.01%(  1)    0.01%(  1)    0.03%(  2)    0.44%( 32)    0.40%( 29)   -2.19   -1.69
tlen>=151            own      8487    1.33%(113)    1.18%(100)    0.19%( 16)    0.12%( 10)    0.02%(  2)    0.12%( 10)    0.35%( 30)    0.53%( 45)
