stratum              set    reads          bad   bad_noq100       5p_1-4      5p_5-20       5p_21+       3p_1-4      3p_5-20       3p_21+   z(bad)  z(bad_noq100)
all_alu              spike    3352    1.67%( 56)    1.61%( 54)    0.09%(  3)    0.03%(  1)    0.00%(  0)    0.06%(  2)    0.78%( 26)    0.72%( 24)   -2.56   -2.06
all_alu              own      3849    2.55%( 98)    2.29%( 88)    0.31%( 12)    0.18%(  7)    0.00%(  0)    0.21%(  8)    0.68%( 26)    1.20%( 46)
all_noalu            spike    4227    0.35%( 15)    0.31%( 13)    0.07%(  3)    0.00%(  0)    0.02%(  1)    0.00%(  0)    0.14%(  6)    0.14%(  6)   -1.03   -1.00
all_noalu            own      5050    0.50%( 25)    0.44%( 22)    0.10%(  5)    0.08%(  4)    0.04%(  2)    0.08%(  4)    0.10%(  5)    0.10%(  5)
bin0_alu             spike    2163    0.42%(  9)    0.42%(  9)    0.05%(  1)    0.05%(  1)    0.00%(  0)    0.00%(  0)    0.23%(  5)    0.09%(  2)   -3.58   -3.37
bin0_alu             own      2414    1.45%( 35)    1.37%( 33)    0.25%(  6)    0.21%(  5)    0.00%(  0)    0.04%(  1)    0.21%(  5)    0.75%( 18)
bin0_alu_L0          spike     257    0.00%(  0)    0.00%(  0)    0.00%(  0)    0.00%(  0)    0.00%(  0)    0.00%(  0)    0.00%(  0)    0.00%(  0)   -1.64   -1.64
bin0_alu_L0          own       287    1.05%(  3)    1.05%(  3)    0.35%(  1)    0.00%(  0)    0.00%(  0)    0.35%(  1)    0.00%(  0)    0.35%(  1)
bin0_alu_L150        spike     502    0.80%(  4)    0.80%(  4)    0.00%(  0)    0.00%(  0)    0.00%(  0)    0.00%(  0)    0.60%(  3)    0.20%(  1)   -3.12   -2.99
bin0_alu_L150        own       571    3.68%( 21)    3.50%( 20)    0.35%(  2)    0.70%(  4)    0.00%(  0)    0.00%(  0)    0.53%(  3)    2.10%( 12)
bin0_alu_L151        spike    1404    0.36%(  5)    0.36%(  5)    0.07%(  1)    0.07%(  1)    0.00%(  0)    0.00%(  0)    0.14%(  2)    0.07%(  1)   -1.30   -1.10
bin0_alu_L151        own      1556    0.71%( 11)    0.64%( 10)    0.19%(  3)    0.06%(  1)    0.00%(  0)    0.00%(  0)    0.13%(  2)    0.32%(  5)
bin0_noalu           spike    3267    0.15%(  5)    0.15%(  5)    0.03%(  1)    0.00%(  0)    0.03%(  1)    0.00%(  0)    0.06%(  2)    0.06%(  2)   -1.15   -1.15
bin0_noalu           own      3899    0.28%( 11)    0.28%( 11)    0.05%(  2)    0.08%(  3)    0.05%(  2)    0.03%(  1)    0.03%(  1)    0.05%(  2)
bin0_noalu_L0        spike     452    0.22%(  1)    0.22%(  1)    0.22%(  1)    0.00%(  0)    0.00%(  0)    0.00%(  0)    0.00%(  0)    0.00%(  0)   -0.53   -0.53
bin0_noalu_L0        own       480    0.42%(  2)    0.42%(  2)    0.21%(  1)    0.00%(  0)    0.00%(  0)    0.00%(  0)    0.21%(  1)    0.00%(  0)
bin0_noalu_L150      spike     842    0.12%(  1)    0.12%(  1)    0.00%(  0)    0.00%(  0)    0.00%(  0)    0.00%(  0)    0.12%(  1)    0.00%(  0)   -0.80   -0.80
bin0_noalu_L150      own      1033    0.29%(  3)    0.29%(  3)    0.10%(  1)    0.19%(  2)    0.00%(  0)    0.00%(  0)    0.00%(  0)    0.00%(  0)
bin0_noalu_L151      spike    1973    0.15%(  3)    0.15%(  3)    0.00%(  0)    0.00%(  0)    0.05%(  1)    0.00%(  0)    0.05%(  1)    0.10%(  2)   -0.72   -0.72
bin0_noalu_L151      own      2386    0.25%(  6)    0.25%(  6)    0.00%(  0)    0.04%(  1)    0.08%(  2)    0.04%(  1)    0.00%(  0)    0.08%(  2)
bin1_alu             spike    1189    3.95%( 47)    3.78%( 45)    0.17%(  2)    0.00%(  0)    0.00%(  0)    0.17%(  2)    1.77%( 21)    1.85%( 22)   -0.56   -0.06
bin1_alu             own      1435    4.39%( 63)    3.83%( 55)    0.42%(  6)    0.14%(  2)    0.00%(  0)    0.49%(  7)    1.46%( 21)    1.95%( 28)
bin1_alu_L0          spike     129    4.65%(  6)    3.88%(  5)    0.00%(  0)    0.00%(  0)    0.00%(  0)    0.00%(  0)    2.33%(  3)    2.33%(  3)   +0.30   +0.28
bin1_alu_L0          own       153    3.92%(  6)    3.27%(  5)    0.00%(  0)    0.00%(  0)    0.00%(  0)    0.65%(  1)    1.31%(  2)    1.96%(  3)
bin1_alu_L150        spike     277    2.89%(  8)    2.53%(  7)    0.36%(  1)    0.00%(  0)    0.00%(  0)    0.00%(  0)    0.72%(  2)    1.81%(  5)   -0.35   -0.22
bin1_alu_L150        own       355    3.38%( 12)    2.82%( 10)    0.56%(  2)    0.28%(  1)    0.00%(  0)    0.00%(  0)    1.13%(  4)    1.41%(  5)
bin1_alu_L151        spike     783    4.21%( 33)    4.21%( 33)    0.13%(  1)    0.00%(  0)    0.00%(  0)    0.26%(  2)    2.04%( 16)    1.79%( 14)   -0.63   -0.10
bin1_alu_L151        own       927    4.85%( 45)    4.31%( 40)    0.43%(  4)    0.11%(  1)    0.00%(  0)    0.65%(  6)    1.62%( 15)    2.16%( 20)
bin1_noalu           spike     960    1.04%( 10)    0.83%(  8)    0.21%(  2)    0.00%(  0)    0.00%(  0)    0.00%(  0)    0.42%(  4)    0.42%(  4)   -0.38   -0.30
bin1_noalu           own      1151    1.22%( 14)    0.96%( 11)    0.26%(  3)    0.09%(  1)    0.00%(  0)    0.26%(  3)    0.35%(  4)    0.26%(  3)
bin1_noalu_L0        spike     105    0.95%(  1)    0.95%(  1)    0.00%(  0)    0.00%(  0)    0.00%(  0)    0.00%(  0)    0.00%(  0)    0.95%(  1)   -0.43   +1.09
bin1_noalu_L0        own       125    1.60%(  2)    0.00%(  0)    1.60%(  2)    0.00%(  0)    0.00%(  0)    0.00%(  0)    0.00%(  0)    0.00%(  0)
bin1_noalu_L150      spike     250    0.80%(  2)    0.40%(  1)    0.00%(  0)    0.00%(  0)    0.00%(  0)    0.00%(  0)    0.40%(  1)    0.40%(  1)   +0.26   +0.18
bin1_noalu_L150      own       323    0.62%(  2)    0.31%(  1)    0.31%(  1)    0.00%(  0)    0.00%(  0)    0.00%(  0)    0.31%(  1)    0.00%(  0)
bin1_noalu_L151      spike     605    1.16%(  7)    0.99%(  6)    0.33%(  2)    0.00%(  0)    0.00%(  0)    0.00%(  0)    0.50%(  3)    0.33%(  2)   -0.42   -0.71
bin1_noalu_L151      own       703    1.42%( 10)    1.42%( 10)    0.00%(  0)    0.14%(  1)    0.00%(  0)    0.43%(  3)    0.43%(  3)    0.43%(  3)
