[2026-10-07T21:32:57Z INFO  spike] Parsed 1 --event spec(s) + 0 VCF event(s)
[2026-10-07T21:32:57Z INFO  spike::bam_stats] Computing BAM statistics from first 50000 records...
[2026-10-07T21:32:57Z INFO  spike::bam_stats] Stats: 151 cycles (the most common read length); 12879 of 50000 full-length reads end in A, so the library was not adapter-trimmed (50000 records sampled)
[2026-10-07T21:32:57Z INFO  spike] Read names: of 50000 sampled, 50000 have 7 fields and 0 5 (Picard reads a flowcell position from those) and 0 are other; spike's reads take the shape MACHINE:46:HV3C3DSXX:2:TILE:X:Y, 936 tiles, x 1036-32931, y 1000-37043, e.g. SPIKE_ev0001_hap_000000:46:HV3C3DSXX:2:1659:17027:11939
[2026-10-07T21:32:57Z INFO  spike] Simulated read group: @RG ID:sim SM:HG002
[2026-10-07T21:32:58Z INFO  spike::reference] Loaded 1 chromosome(s) into shared reference (44 MB)
Error: SNP/indel event start on chr21 is at or beyond chromosome length (46709998 >= 46709983)
Command exited with non-zero status 1
	Command being timed: "timeout 60 /home/parlar_ai/dev/spike/target/release/spike --bam /home/parlar_ai/dev/spike/data/giab_hg38/HG002/HG002.novaseq.pcr-free.35x.bwamem2.dedup.grch38_no_alt.bam --reference /home/parlar_ai/dev/spike/data/giab_hg38/reference/GCA_000001405.15_GRCh38_no_alt_analysis_set.fasta --seed 1 --event snp:chr21:46709999:A:G -o ./oor21"
	User time (seconds): 0.17
	System time (seconds): 0.17
	Percent of CPU this job got: 91%
	Elapsed (wall clock) time (h:mm:ss or m:ss): 0:00.38
	Average shared text size (kbytes): 0
	Average unshared data size (kbytes): 0
	Average stack size (kbytes): 0
	Average total size (kbytes): 0
	Maximum resident set size (kbytes): 145916
	Average resident set size (kbytes): 0
	Major (requiring I/O) page faults: 0
	Minor (reclaiming a frame) page faults: 36873
	Voluntary context switches: 27
	Involuntary context switches: 2
	Swaps: 0
	File system inputs: 111836
	File system outputs: 8
	Socket messages sent: 0
	Socket messages received: 0
	Signals delivered: 0
	Page size (bytes): 4096
	Exit status: 1
