[2026-10-07T12:44:47Z INFO  spike] Parsed 2 --event spec(s) + 0 VCF event(s)
[2026-10-07T12:44:47Z INFO  spike::bam_stats] Computing BAM statistics from first 50000 records...
[2026-10-07T12:44:47Z INFO  spike::bam_stats] Stats: 250 cycles (the most common read length); 3474 of 35290 full-length reads end in A, so the library was not adapter-trimmed (50000 records sampled)
[2026-10-07T12:44:47Z INFO  spike] Read names: of 50000 sampled, 50000 have 7 fields and 0 5 (Picard reads a flowcell position from those) and 0 are other; spike's reads take the shape MACHINE:94:H2YT5BCXX:2:TILE:X:Y, 64 tiles, x 1086-21309, y 2074-101382, e.g. SPIKE_ev0001_hap_000000:94:H2YT5BCXX:2:1109:8325:43199
[2026-10-07T12:44:47Z WARN  spike] no @RG SM in /home/parlar_ai/dev/spike/data/giab_hg38/HG002/HG002.GRCh38.chr20.bam; tagging simulated reads SM:SIM
[2026-10-07T12:44:47Z INFO  spike] Simulated read group: @RG ID:sim SM:SIM
[2026-10-07T12:44:47Z INFO  spike::reference] Loaded 1 chromosome(s) into shared reference (61 MB)
[2026-10-07T12:44:47Z INFO  spike] SNV  chr20:38550000 T>C: 0 of 73 reads carry another allele here
[2026-10-07T12:44:47Z INFO  spike::extract] Extracting read pairs from chr20:34062336-34112336 (MAPQ >= 20)
[2026-10-07T12:44:47Z INFO  spike::extract] Extracting read pairs from chr20:40435712-40485712 (MAPQ >= 20)
[2026-10-07T12:44:47Z INFO  spike::extract] Extracting read pairs from chr20:17580032-17630032 (MAPQ >= 20)
[2026-10-07T12:44:47Z INFO  spike::extract] Extracting read pairs from chr20:49987584-50037584 (MAPQ >= 20)
[2026-10-07T12:44:47Z INFO  spike::extract] Extracting read pairs from chr20:1654784-1704784 (MAPQ >= 20)
[2026-10-07T12:44:47Z INFO  spike::extract] Extracting read pairs from chr20:4833280-4883280 (MAPQ >= 20)
[2026-10-07T12:44:47Z INFO  spike::extract] Extracting read pairs from chr20:56360960-56410960 (MAPQ >= 20)
[2026-10-07T12:44:47Z INFO  spike::extract] Extracting read pairs from chr20:8028160-8078160 (MAPQ >= 20)
[2026-10-07T12:44:48Z INFO  spike::extract] Pass 1: collected 7203 read1 + 7216 read2 records (7184 pairs already complete)
[2026-10-07T12:44:48Z INFO  spike::extract] Pass 1: collected 6436 read1 + 6433 read2 records (6422 pairs already complete)
[2026-10-07T12:44:48Z INFO  spike::extract] Pass 1: collected 7435 read1 + 7430 read2 records (7405 pairs already complete)
[2026-10-07T12:44:48Z INFO  spike::extract] Extracted 7234 complete read pairs from chr20:56360960-56410960
[2026-10-07T12:44:48Z INFO  spike::extract] Extracting read pairs from chr20:59555840-59605840 (MAPQ >= 20)
[2026-10-07T12:44:48Z INFO  spike::extract] Extracted 6447 complete read pairs from chr20:49987584-50037584
[2026-10-07T12:44:48Z INFO  spike::extract] Extracting read pairs from chr20:53182464-53232464 (MAPQ >= 20)
[2026-10-07T12:44:48Z INFO  spike::extract] Pass 1: collected 7316 read1 + 7318 read2 records (7300 pairs already complete)
[2026-10-07T12:44:48Z INFO  spike::extract] Pass 1: collected 7348 read1 + 7355 read2 records (7323 pairs already complete)
[2026-10-07T12:44:48Z INFO  spike::extract] Pass 1: collected 7102 read1 + 7097 read2 records (7073 pairs already complete)
[2026-10-07T12:44:48Z INFO  spike::extract] Pass 1: collected 6800 read1 + 6797 read2 records (6773 pairs already complete)
[2026-10-07T12:44:48Z INFO  spike::extract] Pass 1: collected 7220 read1 + 7219 read2 records (7192 pairs already complete)
[2026-10-07T12:44:48Z INFO  spike::extract] Extracted 7460 complete read pairs from chr20:34062336-34112336
[2026-10-07T12:44:48Z INFO  spike::extract] Extracting read pairs from chr20:37257216-37307216 (MAPQ >= 20)
[2026-10-07T12:44:48Z INFO  spike::extract] Extracted 7334 complete read pairs from chr20:40435712-40485712
[2026-10-07T12:44:48Z INFO  spike::extract] Extracting read pairs from chr20:43630592-43680592 (MAPQ >= 20)
[2026-10-07T12:44:48Z INFO  spike::extract] Extracted 7126 complete read pairs from chr20:4833280-4883280
[2026-10-07T12:44:48Z INFO  spike::extract] Extracting read pairs from chr20:23953408-24003408 (MAPQ >= 20)
[2026-10-07T12:44:48Z INFO  spike::extract] Extracted 6824 complete read pairs from chr20:17580032-17630032
[2026-10-07T12:44:48Z INFO  spike::extract] Extracting read pairs from chr20:20758528-20808528 (MAPQ >= 20)
[2026-10-07T12:44:48Z INFO  spike::extract] Extracted 7380 complete read pairs from chr20:1654784-1704784
[2026-10-07T12:44:48Z INFO  spike::extract] Extracting read pairs from chr20:11206656-11256656 (MAPQ >= 20)
[2026-10-07T12:44:49Z INFO  spike::extract] Pass 1: collected 7283 read1 + 7295 read2 records (7265 pairs already complete)
[2026-10-07T12:44:49Z INFO  spike::extract] Pass 1: collected 6722 read1 + 6721 read2 records (6697 pairs already complete)
[2026-10-07T12:44:49Z INFO  spike::extract] Extracted 7247 complete read pairs from chr20:8028160-8078160
[2026-10-07T12:44:49Z INFO  spike::extract] Extracting read pairs from chr20:27328512-27378512 (MAPQ >= 20)
[2026-10-07T12:44:49Z INFO  spike::extract] Pass 1: collected 7445 read1 + 7454 read2 records (7423 pairs already complete)
[2026-10-07T12:44:49Z INFO  spike::extract] Pass 1: collected 6887 read1 + 6885 read2 records (6859 pairs already complete)
[2026-10-07T12:44:49Z INFO  spike::extract] Extracted 7313 complete read pairs from chr20:37257216-37307216
[2026-10-07T12:44:49Z INFO  spike::extract] Extracting read pairs from chr20:62734336-62784336 (MAPQ >= 20)
[2026-10-07T12:44:49Z INFO  spike::extract] Pass 1: collected 6707 read1 + 6707 read2 records (6676 pairs already complete)
[2026-10-07T12:44:49Z INFO  spike::extract] Extracted 6746 complete read pairs from chr20:23953408-24003408
[2026-10-07T12:44:49Z INFO  spike::extract] Extracting read pairs from chr20:30818304-30868304 (MAPQ >= 20)
[2026-10-07T12:44:49Z INFO  spike::extract] Extracted 7475 complete read pairs from chr20:53182464-53232464
[2026-10-07T12:44:49Z INFO  spike::extract] Extracting read pairs from chr20:46809088-46859088 (MAPQ >= 20)
[2026-10-07T12:44:49Z INFO  spike::extract] Extracted 6913 complete read pairs from chr20:20758528-20808528
[2026-10-07T12:44:49Z INFO  spike::extract] Extracting read pairs from chr20:14401536-14451536 (MAPQ >= 20)
[2026-10-07T12:44:49Z INFO  spike::extract] Extracted 6738 complete read pairs from chr20:59555840-59605840
[2026-10-07T12:44:49Z INFO  spike::extract] Pass 1: collected 100 read1 + 100 read2 records (100 pairs already complete)
[2026-10-07T12:44:49Z INFO  spike::extract] Pass 1: collected 6489 read1 + 6502 read2 records (6465 pairs already complete)
[2026-10-07T12:44:49Z INFO  spike::extract] Extracted 100 complete read pairs from chr20:27328512-27378512
[2026-10-07T12:44:49Z INFO  spike::extract] Extracted 6526 complete read pairs from chr20:43630592-43680592
[2026-10-07T12:44:49Z INFO  spike::extract] Pass 1: collected 7073 read1 + 7072 read2 records (7053 pairs already complete)
[2026-10-07T12:44:49Z INFO  spike::extract] Pass 1: collected 6713 read1 + 6720 read2 records (6691 pairs already complete)
[2026-10-07T12:44:49Z INFO  spike::extract] Pass 1: collected 7455 read1 + 7443 read2 records (7430 pairs already complete)
[2026-10-07T12:44:49Z INFO  spike::extract] Pass 1: collected 6993 read1 + 7004 read2 records (6978 pairs already complete)
[2026-10-07T12:44:49Z INFO  spike::extract] Extracted 7092 complete read pairs from chr20:11206656-11256656
[2026-10-07T12:44:49Z INFO  spike::extract] Extracted 6742 complete read pairs from chr20:62734336-62784336
[2026-10-07T12:44:49Z INFO  spike::extract] Extracted 7468 complete read pairs from chr20:46809088-46859088
[2026-10-07T12:44:49Z INFO  spike::extract] Pass 1: collected 15930 read1 + 15914 read2 records (15816 pairs already complete)
[2026-10-07T12:44:50Z INFO  spike::extract] Extracted 7019 complete read pairs from chr20:14401536-14451536
[2026-10-07T12:44:50Z INFO  spike::extract] Extracted 15896 complete read pairs from chr20:30818304-30868304
[2026-10-07T12:44:53Z INFO  spike::quality] Quality profile: 143080 pairs in 20 block(s); qualities 2,10,11,12,13,14,15,16,18,19,20,21,22,23,24,25,26,27,28,29,30,31,32,33,34,35,36,37,38,39,40; read classes cut at mean Q 24.1,27.0,30.8,34.7,37.1,38.1,38.8; 64601 full contexts with at least 20 observations. Error table from 70501839 sampled bases (452159 at the sample's own variant sites, 162755 in clipped ends that are not the reference read badly, 31028 inserted, N or off the reference left out)
[2026-10-07T12:44:53Z INFO  spike::quality] Quality sample: 20 blocks of 50 kb from chr20:1653266 to chr20:62732781, 143080 pairs; read in 2.4 s, learned in 3.3 s
[2026-10-07T12:44:53Z INFO  spike] Processing event 1/2: SmallVariant { chrom: "chr20", pos: 38549999, ref_allele: [84], alt_allele: [67], gene: "unknown", allele_fraction: Some(0.1) }
[2026-10-07T12:44:53Z INFO  spike]   Using VAF=0.100 for this event
[2026-10-07T12:44:53Z INFO  spike::extract] Extracting read pairs from chr20:38539999-38560000 (MAPQ >= 20)
[2026-10-07T12:44:53Z INFO  spike::extract] Pass 1: collected 2998 read1 + 3008 read2 records (2977 pairs already complete)
[2026-10-07T12:44:53Z INFO  spike::extract] Extracted 3029 complete read pairs from chr20:38539999-38560000
[2026-10-07T12:44:53Z INFO  spike::stats] Fragment distribution: mean=417.8, stddev=83.4, n=2933
[2026-10-07T12:44:53Z INFO  spike::extract] Built read pool: 3029 pairs
[2026-10-07T12:44:53Z INFO  spike]   Reads over the event spike cannot edit: 0 of 73 (0.000)
[2026-10-07T12:44:53Z INFO  spike::loh] chr20:38547999-38552000: 2 het SNPs, 0 hom-alt SNPs
[2026-10-07T12:44:53Z INFO  spike::loh] phased 2 het SNPs into 2 block(s); one haplotype picked per block
[2026-10-07T12:44:53Z INFO  spike::loh] classified 114 fragments (61 event copy, 53 other); 2 ambiguous ties left unclassified
[2026-10-07T12:44:53Z INFO  spike::haplotype] Applied 2 het SNP variants to haplotype sequence
[2026-10-07T12:44:53Z INFO  spike::simulate] Tiling 56 synthetic reads across 4001bp haplotype (cov=65.0, vaf=0.10, bp_only=false)
[2026-10-07T12:44:53Z INFO  spike::simulate] simulate_event: 2963 kept, 66 suppressed, 56 chimeric (haplotype-tiled), 0 depth copies
[2026-10-07T12:44:53Z INFO  spike] Event 1: 2963 kept + 56 chimeric, 66 suppressed
[2026-10-07T12:44:53Z INFO  spike] Processing event 2/2: Deletion { chrom: "chr20", del_start: 38900000, del_end: 38910000, gene: "unknown", exons: [], allele_fraction: None }
[2026-10-07T12:44:53Z INFO  spike]   Using VAF=0.500 for this event
[2026-10-07T12:44:53Z INFO  spike::extract] Extracting read pairs from chr20:38890000-38920000 (MAPQ >= 20)
[2026-10-07T12:44:53Z INFO  spike::extract] Pass 1: collected 4314 read1 + 4315 read2 records (4287 pairs already complete)
[2026-10-07T12:44:54Z INFO  spike::extract] Extracted 4342 complete read pairs from chr20:38890000-38920000
[2026-10-07T12:44:54Z INFO  spike::stats] Fragment distribution: mean=418.7, stddev=86.9, n=4204
[2026-10-07T12:44:54Z INFO  spike::extract] Built read pool: 4342 pairs
[2026-10-07T12:44:54Z INFO  spike]   Reads over the event spike cannot edit: 34 of 2983 (0.011)
[2026-10-07T12:44:54Z INFO  spike::loh] chr20:38898000-38912000: 1 het SNPs, 1 hom-alt SNPs
[2026-10-07T12:44:54Z INFO  spike::loh] phased 1 het SNPs into 1 block(s); one haplotype picked per block
[2026-10-07T12:44:54Z INFO  spike::loh] classified 50 fragments (36 event copy, 14 other); 1 ambiguous ties left unclassified
[2026-10-07T12:44:54Z INFO  spike::simulate] Tiling 269 synthetic reads across 4000bp haplotype (cov=62.8, vaf=0.50, bp_only=false)
[2026-10-07T12:44:54Z INFO  spike::simulate] simulate_event: 3319 kept, 1023 suppressed, 269 chimeric (haplotype-tiled), 0 depth copies
[2026-10-07T12:44:54Z INFO  spike] Event 2: 3319 kept + 269 chimeric, 1023 suppressed
[2026-10-07T12:44:54Z INFO  spike] Duplicates of the removed originals: 0 pair(s), removed with them (replaced_reads.txt, fastq_removed_reads.txt); 0 removed pair(s) had a mate outside the windows read, so their duplicates were not looked for
[2026-10-07T12:44:54Z INFO  spike::fastq] Wrote 6607 read pairs to k6/R1.fq.gz and k6/R2.fq.gz
[2026-10-07T12:44:54Z INFO  spike::truth] Wrote truth VCF with 2 events to k6/truth.vcf
[2026-10-07T12:44:54Z INFO  spike] Originals removed from the BAM: 7371 read pairs (replaced_reads.txt); 0 of them were dropped for unusable quality and are not replaced
[2026-10-07T12:44:54Z INFO  spike] Originals to remove from the raw FASTQ: 1089 read pairs (fastq_removed_reads.txt); the 6282 spike kept stay as the raw reads they are
[2026-10-07T12:44:54Z INFO  spike] === spike complete ===
[2026-10-07T12:44:54Z INFO  spike] Output directory: k6
[2026-10-07T12:44:54Z INFO  spike] spike's reads, around the events only (not the whole sample): k6/R1.fq.gz and k6/R2.fq.gz
[2026-10-07T12:44:54Z INFO  spike] Truth VCF: k6/truth.vcf
[2026-10-07T12:44:54Z INFO  spike] Total read pairs: 6607
[2026-10-07T12:44:54Z INFO  spike] README: k6/README.md
[2026-10-07T12:44:54Z INFO  spike] Next steps: bash k6/align.sh  →  bash k6/merge.sh; or, for the whole sample as spiked FASTQ: bash k6/fastq.sh RAW_R1 RAW_R2 OUT_R1 OUT_R2 (what --into-fastq RAW_R1 RAW_R2 runs at the end of a run)
