[2026-10-07T15:13:12Z INFO  spike] Parsed 1 --event spec(s) + 0 VCF event(s)
[2026-10-07T15:13:12Z INFO  spike::bam_stats] Computing BAM statistics from first 50000 records...
[2026-10-07T15:13:12Z INFO  spike::bam_stats] Stats: 151 cycles (the most common read length); 12879 of 50000 full-length reads end in A, so the library was not adapter-trimmed (50000 records sampled)
[2026-10-07T15:13:12Z INFO  spike] Read names: of 50000 sampled, 50000 have 7 fields and 0 5 (Picard reads a flowcell position from those) and 0 are other; spike's reads take the shape MACHINE:46:HV3C3DSXX:2:TILE:X:Y, 936 tiles, x 1036-32931, y 1000-37043, e.g. SPIKE_ev0001_hap_000000:46:HV3C3DSXX:2:1659:17027:11939
[2026-10-07T15:13:12Z INFO  spike] Simulated read group: @RG ID:sim SM:HG002
[2026-10-07T15:13:13Z INFO  spike::reference] Loaded 1 chromosome(s) into shared reference (61 MB)
[2026-10-07T15:13:13Z INFO  spike] Processing event 1/1: Duplication { chrom: "chr20", dup_start: 14550000, dup_end: 15550000, gene: "unknown", allele_fraction: None }
[2026-10-07T15:13:13Z INFO  spike]   Using VAF=0.500 for this event
[2026-10-07T15:13:13Z INFO  spike::extract] Extracting read pairs from chr20:14540000-15560000 (MAPQ >= 20)
[2026-10-07T15:13:13Z INFO  spike::extract] Pass 1: collected 130074 read1 + 129997 read2 records (129955 pairs already complete)
[2026-10-07T15:13:13Z INFO  spike::extract] Extracted 130011 complete read pairs from chr20:14540000-15560000
[2026-10-07T15:13:13Z INFO  spike::stats] Fragment distribution: mean=420.1, stddev=178.5, n=128921
[2026-10-07T15:13:13Z INFO  spike::extract] Built read pool: 130011 pairs
[2026-10-07T15:13:14Z INFO  spike]   Reads over the event spike cannot edit: 2612 of 257548 (0.010)
[2026-10-07T15:13:14Z INFO  spike::synth] Quality profile: 130011 pairs, 151 cycles. R1 mean Q: start=36.1 mid=36.0 end=34.7, R2: start=35.9 end=34.0. Base-conditioned bins: 1208/1208 usable. Markov bins: base 3603/4832, cycle 906/1208 usable
[2026-10-07T15:13:14Z INFO  spike::loh] chr20:14548000-15552000: 717 het SNPs, 405 hom-alt SNPs
[2026-10-07T15:13:14Z INFO  spike::loh] phased 717 het SNPs into 288 block(s); one haplotype picked per block
[2026-10-07T15:13:14Z INFO  spike::loh] classified 20458 fragments (10256 event copy, 10202 other); 78 ambiguous ties left unclassified
[2026-10-07T15:13:14Z INFO  spike::haplotype] Applied 2239 het SNP variants to haplotype sequence
[2026-10-07T15:13:15Z INFO  spike::simulate] Tiling 120046 synthetic reads across 2004000bp haplotype (cov=50.3, vaf=0.50, bp_only=false)
[2026-10-07T15:13:19Z INFO  spike::simulate] simulate_event: 66621 kept, 63390 suppressed, 120046 chimeric (haplotype-tiled), 0 depth copies
[2026-10-07T15:13:19Z INFO  spike] Event 1: 66621 kept + 120046 chimeric, 63390 suppressed
[2026-10-07T15:13:19Z WARN  spike] DUP  chr20:14550001-15550000 (1000000bp): the donor's depth over chr20:14862000-14863000 is 9.9x, but every fragment this event tiles is scaled by the 50.3x measured at one of its breakpoints (4.69-fold). Where the donor's depth differs from that, the event's depth there is wrong by about that much; truth.vcf records the fold as SIM_DEPTH_FOLD (CR2).
[2026-10-07T15:13:20Z INFO  spike] Duplicates of the removed originals: 8873 pair(s), removed with them (replaced_reads.txt, fastq_removed_reads.txt); 0 removed pair(s) had a mate outside the windows read, so their duplicates were not looked for
[2026-10-07T15:13:21Z INFO  spike::fastq] Wrote 186667 read pairs to speed_master/R1.fq.gz and speed_master/R2.fq.gz
[2026-10-07T15:13:21Z INFO  spike::truth] Wrote truth VCF with 1 events to speed_master/truth.vcf
[2026-10-07T15:13:21Z INFO  spike] Originals removed from the BAM: 138884 read pairs (replaced_reads.txt); 0 of them were dropped for unusable quality and are not replaced
[2026-10-07T15:13:21Z INFO  spike] Originals to remove from the raw FASTQ: 72263 read pairs (fastq_removed_reads.txt); the 66621 spike kept stay as the raw reads they are
[2026-10-07T15:13:21Z INFO  spike] === spike complete ===
[2026-10-07T15:13:21Z INFO  spike] Output directory: speed_master
[2026-10-07T15:13:21Z INFO  spike] spike's reads, around the events only (not the whole sample): speed_master/R1.fq.gz and speed_master/R2.fq.gz
[2026-10-07T15:13:21Z INFO  spike] Truth VCF: speed_master/truth.vcf
[2026-10-07T15:13:21Z INFO  spike] Total read pairs: 186667
[2026-10-07T15:13:21Z INFO  spike] README: speed_master/README.md
[2026-10-07T15:13:21Z INFO  spike] Next steps: bash speed_master/align.sh  →  bash speed_master/merge.sh; or, for the whole sample as spiked FASTQ: bash speed_master/fastq.sh RAW_R1 RAW_R2 OUT_R1 OUT_R2 (what --into-fastq RAW_R1 RAW_R2 runs at the end of a run)
