Looking to launch executable "/home/parlar_ai/.pixi/envs/bwa-mem2/bin/bwa-mem2.avx512bw", simd = .avx512bw
Launching executable "/home/parlar_ai/.pixi/envs/bwa-mem2/bin/bwa-mem2.avx512bw"
-----------------------------
Executing in AVX512 mode!!
-----------------------------
* SA compression enabled with xfactor: 8
* Ref file: /home/parlar_ai/dev/spike/data/giab_hg38/reference/GCA_000001405.15_GRCh38_no_alt_analysis_set.fasta
* Entering FMI_search
* Index file found. Loading index from /home/parlar_ai/dev/spike/data/giab_hg38/reference/GCA_000001405.15_GRCh38_no_alt_analysis_set.fasta.bwt.2bit.64
* Reference seq len for bi-index = 6199845083
* sentinel-index: 2637243555
* Count:
0,	1
1,	1817861264
2,	3099922542
3,	4381983820
4,	6199845083

* Reading other elements of the index from files /home/parlar_ai/dev/spike/data/giab_hg38/reference/GCA_000001405.15_GRCh38_no_alt_analysis_set.fasta
* Index prefix: /home/parlar_ai/dev/spike/data/giab_hg38/reference/GCA_000001405.15_GRCh38_no_alt_analysis_set.fasta
* Read 0 ALT contigs
* Done reading Index!!
* Reading reference genome..
* Binary seq file = /home/parlar_ai/dev/spike/data/giab_hg38/reference/GCA_000001405.15_GRCh38_no_alt_analysis_set.fasta.0123
* Reference genome size: 6199845082 bp
* Done reading reference genome !!

------------------------------------------
1. Memory pre-allocation for Chaining: 4458.8284 MB
2. Memory pre-allocation for BSW: 7667.7448 MB
3. Memory pre-allocation for BWT: 2474.0536 MB
------------------------------------------
* Threads used (compute): 32
* No. of pipeline threads: 2

[0000] read_chunk: 320000000, work_chunk_size: 35871258, nseq: 237558
	[0000][ M::kt_pipeline] read 237558 sequences (35871258 bp)...
[0000] Calling mem_process_seqs.., task: 0
[0000] 1. Calling kt_for - worker_bwt
[0000] read_chunk: 320000000, work_chunk_size: 0, nseq: 0
[0000] 2. Calling kt_for - worker_aln
[0000] Inferring insert size distribution of PE reads from data, l_pac: 3099922541, n: 237558
[0000][PE] # candidate unique pairs for (FF, FR, RF, RR): (0, 106102, 0, 0)
[0000][PE] skip orientation FF as there are not enough pairs
[0000][PE] analyzing insert size distribution for orientation FR...
[0000][PE] (25, 50, 75) percentile: (283, 380, 519)
[0000][PE] low and high boundaries for computing mean and std.dev: (1, 991)
[0000][PE] mean and std.dev: (414.79, 170.64)
[0000][PE] low and high boundaries for proper pairs: (1, 1227)
[0000][PE] skip orientation RF as there are not enough pairs
[0000][PE] skip orientation RR as there are not enough pairs
[0000] 3. Calling kt_for - worker_sam
	[0000][ M::mem_process_seqs] Processed 237558 reads in 33.145 CPU sec, 1.477 real sec
[0000] read_chunk: 320000000, work_chunk_size: 0, nseq: 0
[0000] Computation ends..
No. of OMP threads: 32
Processor is running @3100.332146 MHz
Runtime profile:

	Time taken for main_mem function: 32.88 sec

	IO times (sec) :
	Reading IO time (reads) avg: 0.19, (0.19, 0.19)
	Writing IO time (SAM) avg: 1.31, (1.31, 1.31)
	Reading IO time (Reference Genome) avg: 14.62, (14.62, 14.62)
	Index read time avg: 14.41, (14.41, 14.41)

	Overall time (sec) (Excluding Index reading time):
	PROCESS() (Total compute time + (read + SAM) IO time) : 3.03
	MEM_PROCESS_SEQ() (Total compute time (Kernel + SAM)), avg: 1.48, (1.48, 1.48)

	 SAM Processing time (sec):
	--WORKER_SAM avg: 0.46, (0.46, 0.46)

	Kernels' compute time (sec):
	Total kernel (smem+sal+bsw) time avg: 0.99, (0.99, 0.99)
		SMEM compute avg: 0.49, (0.52, 0.44)
		SAL compute avg: 0.14, (0.16, 0.13)
				MEM_SA avg: 0.09, (0.10, 0.08)

		BSW time, avg: 0.18, (0.30, 0.16)

Important parameter settings: 
	BATCH_SIZE: 512
	MAX_SEQ_LEN_REF: 256
	MAX_SEQ_LEN_QER: 128
	MAX_SEQ_LEN8: 128
	SEEDS_PER_READ: 500
	SIMD_WIDTH8 X: 64
	SIMD_WIDTH16 X: 32
	AVG_SEEDS_PER_READ: 64
